// Jest Snapshot v1, https://goo.gl/fbAQLP

exports[`add-tests plugin should have an output to match the snapshot 1`] = `
Object {
  "tests": Array [
    Object {
      "id": "test-id-1",
      "testString": "// test code",
      "text": "<p>First hint</p>",
    },
    Object {
      "id": "test-id-2",
      "testString": "// more test code",
      "text": "<p>Second hint with <code>code</code></p>",
    },
    Object {
      "id": "test-id-3",
      "testString": "// more test code
if(let x of xs) {
  console.log(x);
}",
      "text": "<p>Third <em>hint</em> with <code>code</code> and <code>inline code</code></p>",
    },
  ],
}
`;
